// Jest Snapshot v1, https://goo.gl/fbAQLP

exports[`Small snapshots should render Small 1`] = `
<DocumentFragment>
  <small
    class="Typography Typography--light Typography--regular Typography--regular--light Typography--normal Typography--normal--light Typography--small Typography--small--light Typography--without-margin Typography--without-margin--light"
    data-test-text=""
    style="text-align: inherit;"
  >
    Small
  </small>
</DocumentFragment>
`;
