// Jest Snapshot v1, https://goo.gl/fbAQLP

exports[`H5 snapshots should render H5 1`] = `
<DocumentFragment>
  <h5
    class="Typography Typography--light Typography--regular Typography--regular--light Typography--normal Typography--normal--light Typography--h5 Typography--h5--light Typography--without-margin Typography--without-margin--light"
    data-test-text=""
    style="text-align: inherit;"
  >
    H5
  </h5>
</DocumentFragment>
`;
