// Jest Snapshot v1, https://goo.gl/fbAQLP

exports[`H2 snapshots should render H2 1`] = `
<DocumentFragment>
  <h2
    class="Typography Typography--light Typography--regular Typography--regular--light Typography--normal Typography--normal--light Typography--h2 Typography--h2--light Typography--without-margin Typography--without-margin--light"
    data-test-text=""
    style="text-align: inherit;"
  >
    H2
  </h2>
</DocumentFragment>
`;
