// Jest Snapshot v1, https://goo.gl/fbAQLP

exports[`P snapshots should render P 1`] = `
<DocumentFragment>
  <p
    class="Typography Typography--light Typography--regular Typography--regular--light Typography--normal Typography--normal--light Typography--p Typography--p--light Typography--without-margin Typography--without-margin--light"
    data-test-text=""
    style="text-align: inherit;"
  >
    P
  </p>
</DocumentFragment>
`;
