// Jest Snapshot v1, https://goo.gl/fbAQLP

exports[`Element snapshots should render Element 1`] = `
<DocumentFragment>
  <div
    class="css-q0izro className Element Element--light"
    data-status="false"
    data-test-box=""
    id="1"
    style="background-color: rgb(255, 255, 255); height: 100px; left: 0px; position: absolute; top: 0px; transform: rotate(0deg); width: 100px;"
  />
</DocumentFragment>
`;
