// Jest Snapshot v1, https://goo.gl/fbAQLP

exports[`Box snapshots should render with some text 1`] = `
<DocumentFragment>
  <div
    class="css-q0izro"
    data-test-box=""
  >
    Text
  </div>
</DocumentFragment>
`;
