// Jest Snapshot v1, https://goo.gl/fbAQLP

exports[`Main snapshots should render Main 1`] = `
<DocumentFragment>
  <div
    class="Main"
  >
    <div
      class="BlocksPanel BlocksPanel--light"
      id="blocksPanel"
      style="width: 250px;"
    >
      <div>
        <div
          class="Tabs Tabs--light"
        >
          <svg
            class="Tabs__icon-magnifier Tabs__icon-magnifier--light index_IconMagnifier__FZg-6 index_IconMagnifier--light__JPHih index_IconMagnifier--clickable__I-osc"
            data-test-icon="icon-magnifier"
            fill="none"
            height="16"
            style="flex-shrink: 0;"
            tabindex="-1"
            viewBox="0 0 16 16"
            width="16"
          >
            <path
              class=""
              d="M15.6879 14.1867L11.6219 10.1013C12.3955 9.02236 12.81 7.72745 12.8065 6.4C12.8065 2.86933 9.93567 0 6.40323 0C2.87078 0 0 2.86933 0 6.4C0 9.93067 2.87078 12.8 6.40323 12.8C7.79059 12.8 9.04989 12.3627 10.1064 11.616L14.1938 15.68C14.3966 15.8933 14.6741 16 14.9409 16C15.2077 16 15.4958 15.904 15.6879 15.68C15.7868 15.5813 15.8653 15.4641 15.9189 15.3351C15.9724 15.206 16 15.0677 16 14.928C16 14.7883 15.9724 14.65 15.9189 14.5209C15.8653 14.3919 15.7868 14.2747 15.6879 14.176V14.1867ZM6.40323 11.4133C3.63917 11.4133 1.38737 9.16267 1.38737 6.4C1.38737 3.63733 3.63917 1.38667 6.40323 1.38667C9.16728 1.38667 11.4191 3.63733 11.4191 6.4C11.4191 9.16267 9.16728 11.4133 6.40323 11.4133Z"
              fill=""
            />
          </svg>
          <small
            class="Tabs__tab Tabs__tab--light Tabs__tab--active Tabs__tab--active--light typography_Typography__Hvofe typography_Typography--light__ma6Vx typography_Typography--regular__G4QAa typography_Typography--normal__2w6Rv typography_Typography--small__S8-Gb typography_Typography--without-margin__uJld2"
            data-test-text=""
            style="text-align: inherit;"
          >
            Blocks
          </small>
          <small
            class="Tabs__tab Tabs__tab--light typography_Typography__Hvofe typography_Typography--light__ma6Vx typography_Typography--regular__G4QAa typography_Typography--normal__2w6Rv typography_Typography--small__S8-Gb typography_Typography--without-margin__uJld2"
            data-test-text=""
            style="text-align: inherit;"
          >
            Layers
          </small>
          <svg
            class="Tabs__icon-toggle Tabs__icon-toggle--light index_IconUpOutlined__BYO1l index_IconUpOutlined--light__0jaJp index_IconUpOutlined--clickable__0z0oB"
            data-test-icon="icon-up-outlined"
            fill="none"
            height="8"
            style="flex-shrink: 0;"
            tabindex="-1"
            viewBox="0 0 16 8"
            width="16"
          >
            <path
              class=""
              d="M15.9682 7.80156L8.54538 0.20625C8.27592 -0.06875 7.72437 -0.06875 7.45701 0.20625L0.0321296 7.80156C0.0138576 7.82024 0.00291175 7.84231 0.000505066 7.86533C-0.00190162 7.88834 0.00432498 7.9114 0.0184947 7.93195C0.0326645 7.9525 0.0542238 7.96973 0.0807831 7.98175C0.107342 7.99376 0.137864 8.00007 0.168965 8H1.74783C1.85519 8 1.95624 7.96094 2.0194 7.89687L8.00014 1.77812L13.9809 7.89687C14.044 7.96094 14.1451 8 14.2525 8H15.8313C15.9682 8 16.0482 7.88437 15.9682 7.80156Z"
              fill=""
            />
          </svg>
        </div>
      </div>
      <div
        class="BlocksPanel__tabs-content BlocksPanel__tabs-content--light"
        style="height: 283px;"
      >
        <div
          class="ComponentsPanel ComponentsPanel--light"
        >
          <div
            class="ComponentsPanel__block ComponentsPanel__block--light"
            data-test-components-panel-block="start"
            draggable="true"
          >
            <div
              class="ComponentsPanel__block-icon-wrapper ComponentsPanel__block-icon-wrapper--light"
            >
              <svg
                class=""
                data-test-icon="icon-play-outlined"
                fill="none"
                height="16"
                style="flex-shrink: 0;"
                tabindex="-1"
                viewBox="0 0 16 16"
                width="16"
              >
                <path
                  class=""
                  d="M8 0C3.58214 0 0 3.58214 0 8C0 12.4179 3.58214 16 8 16C12.4179 16 16 12.4179 16 8C16 3.58214 12.4179 0 8 0ZM8 14.6429C4.33214 14.6429 1.35714 11.6679 1.35714 8C1.35714 4.33214 4.33214 1.35714 8 1.35714C11.6679 1.35714 14.6429 4.33214 14.6429 8C14.6429 11.6679 11.6679 14.6429 8 14.6429Z"
                  fill="#28a745"
                />
                <path
                  class=""
                  d="M11.7041 7.76971L6.41663 3.93042C6.37423 3.89934 6.32402 3.88064 6.27161 3.87641C6.2192 3.87218 6.16664 3.88259 6.1198 3.90647C6.07296 3.93036 6.03367 3.96678 6.00631 4.01168C5.97895 4.05658 5.96459 4.1082 5.96485 4.16078V11.8394C5.96485 12.0733 6.22913 12.2054 6.41663 12.0697L11.7041 8.23042C11.7406 8.20412 11.7704 8.16951 11.7909 8.12946C11.8114 8.08941 11.8221 8.04506 11.8221 8.00007C11.8221 7.95507 11.8114 7.91072 11.7909 7.87067C11.7704 7.83062 11.7406 7.79601 11.7041 7.76971V7.76971ZM7.10413 10.1626V5.83757L10.0809 8.00007L7.10413 10.1626V10.1626Z"
                  fill="#28a745"
                />
              </svg>
            </div>
            <small
              class="ComponentsPanel__description ComponentsPanel__description--light typography_Typography__Hvofe typography_Typography--light__ma6Vx typography_Typography--light__ma6Vx typography_Typography--normal__2w6Rv typography_Typography--small__S8-Gb typography_Typography--without-margin__uJld2"
              data-test-text=""
              style="user-select: none; text-align: inherit;"
            >
              Start block
            </small>
          </div>
          <div
            class="ComponentsPanel__block ComponentsPanel__block--light"
            data-test-components-panel-block="finish"
            draggable="true"
          >
            <div
              class="ComponentsPanel__block-icon-wrapper ComponentsPanel__block-icon-wrapper--light"
            >
              <svg
                class=""
                data-test-icon="icon-flag"
                fill="none"
                height="16"
                style="flex-shrink: 0;"
                tabindex="-1"
                viewBox="0 0 16 16"
                width="16"
              >
                <path
                  class=""
                  d="M15.36 3.86H10.24V1.6C10.24 1.246 9.954 0.96 9.6 0.96H1.44V0.16C1.44 0.072 1.368 0 1.28 0H0.16C0.072 0 0 0.072 0 0.16V15.84C0 15.928 0.072 16 0.16 16H1.28C1.368 16 1.44 15.928 1.44 15.84V10.56H6.4V12.82C6.4 13.174 6.686 13.46 7.04 13.46H15.36C15.714 13.46 16 13.174 16 12.82V4.5C16 4.146 15.714 3.86 15.36 3.86ZM1.44 9.12V2.4H8.8V9.12H1.44ZM14.56 12.02H7.84V10.56H10.08C10.168 10.56 10.24 10.488 10.24 10.4V5.3H14.56V12.02Z"
                  fill="#d93025"
                />
              </svg>
            </div>
            <small
              class="ComponentsPanel__description ComponentsPanel__description--light typography_Typography__Hvofe typography_Typography--light__ma6Vx typography_Typography--light__ma6Vx typography_Typography--normal__2w6Rv typography_Typography--small__S8-Gb typography_Typography--without-margin__uJld2"
              data-test-text=""
              style="user-select: none; text-align: inherit;"
            >
              Finish block
            </small>
          </div>
          <div
            class="ComponentsPanel__block ComponentsPanel__block--light"
            data-test-components-panel-block="condition"
            draggable="true"
          >
            <div
              class="ComponentsPanel__block-icon-wrapper ComponentsPanel__block-icon-wrapper--light"
            >
              <svg
                class=""
                data-test-icon="icon-condition"
                fill="none"
                height="16"
                style="flex-shrink: 0;"
                tabindex="-1"
                viewBox="0 0 14 16"
                width="14"
              >
                <path
                  class=""
                  d="M11.4267 1.18432C10.2268 1.18432 9.25216 2.15896 9.25216 3.35882C9.25216 4.33151 9.8948 5.15666 10.7762 5.43429V7.2962L3.2723 9.75416V4.23444C4.13045 3.94321 4.74785 3.12972 4.74785 2.17449C4.74785 0.974639 3.77321 0 2.57336 0C1.3735 0 0.398865 0.974639 0.398865 2.17449C0.398865 3.12972 1.01627 3.94127 1.87441 4.23444V11.7656C1.01627 12.0568 0.398865 12.8703 0.398865 13.8255C0.398865 15.0254 1.3735 16 2.57336 16C3.77321 16 4.74785 15.0254 4.74785 13.8255C4.74785 12.8703 4.13045 12.0587 3.2723 11.7656V11.2258L11.4946 8.53295C11.6921 8.46875 11.864 8.34356 11.9858 8.17539C12.1076 8.00723 12.1728 7.80476 12.1722 7.59714V5.40129C13.0051 5.09453 13.6011 4.29462 13.6011 3.35882C13.6011 2.15896 12.6265 1.18432 11.4267 1.18432ZM1.64143 2.17449C1.64641 1.93063 1.74678 1.69842 1.92101 1.52772C2.09524 1.35701 2.32944 1.2614 2.57336 1.2614C2.81728 1.2614 3.05148 1.35701 3.22571 1.52772C3.39993 1.69842 3.50031 1.93063 3.50528 2.17449C3.50031 2.41836 3.39993 2.65056 3.22571 2.82127C3.05148 2.99198 2.81728 3.08759 2.57336 3.08759C2.32944 3.08759 2.09524 2.99198 1.92101 2.82127C1.74678 2.65056 1.64641 2.41836 1.64143 2.17449V2.17449ZM3.50528 13.8236C3.50031 14.0674 3.39993 14.2996 3.22571 14.4703C3.05148 14.641 2.81728 14.7367 2.57336 14.7367C2.32944 14.7367 2.09524 14.641 1.92101 14.4703C1.74678 14.2996 1.64641 14.0674 1.64143 13.8236C1.64641 13.5797 1.74678 13.3475 1.92101 13.1768C2.09524 13.0061 2.32944 12.9105 2.57336 12.9105C2.81728 12.9105 3.05148 13.0061 3.22571 13.1768C3.39993 13.3475 3.50031 13.5797 3.50528 13.8236ZM11.4267 4.29074C11.1828 4.28576 10.9506 4.18539 10.7799 4.01116C10.6092 3.83694 10.5136 3.60273 10.5136 3.35882C10.5136 3.1149 10.6092 2.8807 10.7799 2.70647C10.9506 2.53224 11.1828 2.43187 11.4267 2.42689C11.6705 2.43187 11.9027 2.53224 12.0734 2.70647C12.2441 2.8807 12.3397 3.1149 12.3397 3.35882C12.3397 3.60273 12.2441 3.83694 12.0734 4.01116C11.9027 4.18539 11.6705 4.28576 11.4267 4.29074V4.29074Z"
                  fill="#df9862"
                />
              </svg>
            </div>
            <small
              class="ComponentsPanel__description ComponentsPanel__description--light typography_Typography__Hvofe typography_Typography--light__ma6Vx typography_Typography--light__ma6Vx typography_Typography--normal__2w6Rv typography_Typography--small__S8-Gb typography_Typography--without-margin__uJld2"
              data-test-text=""
              style="user-select: none; text-align: inherit;"
            >
              Condition block
            </small>
          </div>
          <div
            class="ComponentsPanel__block ComponentsPanel__block--light"
            data-test-components-panel-block="conditionWrapper"
            draggable="true"
          >
            <div
              class="ComponentsPanel__block-icon-wrapper ComponentsPanel__block-icon-wrapper--light"
            >
              <svg
                class=""
                data-test-icon="icon-condition-wrapper"
                fill="none"
                height="16"
                style="flex-shrink: 0;"
                tabindex="-1"
                viewBox="0 0 16 16"
                width="16"
              >
                <path
                  class=""
                  d="M12 8.67857H4C3.84286 8.67857 3.71429 8.80714 3.71429 8.96429V12.1071C3.71429 12.2643 3.84286 12.3929 4 12.3929H12C12.1571 12.3929 12.2857 12.2643 12.2857 12.1071V8.96429C12.2857 8.80714 12.1571 8.67857 12 8.67857ZM11 11.1071H5V9.96429H11V11.1071ZM14.7143 13.4286C14.0036 13.4286 13.4286 14.0036 13.4286 14.7143C13.4286 15.425 14.0036 16 14.7143 16C15.425 16 16 15.425 16 14.7143C16 14.0036 15.425 13.4286 14.7143 13.4286ZM14.7143 15.1429C14.4768 15.1429 14.2857 14.9518 14.2857 14.7143C14.2857 14.4768 14.4768 14.2857 14.7143 14.2857C14.9518 14.2857 15.1429 14.4768 15.1429 14.7143C15.1429 14.9518 14.9518 15.1429 14.7143 15.1429ZM12 3.60714H4C3.84286 3.60714 3.71429 3.73571 3.71429 3.89286V7.03571C3.71429 7.19286 3.84286 7.32143 4 7.32143H12C12.1571 7.32143 12.2857 7.19286 12.2857 7.03571V3.89286C12.2857 3.73571 12.1571 3.60714 12 3.60714ZM11 6.03571H5V4.89286H11V6.03571ZM14.7143 2.57143C15.425 2.57143 16 1.99643 16 1.28571C16 0.575 15.425 0 14.7143 0C14.0036 0 13.4286 0.575 13.4286 1.28571C13.4286 1.99643 14.0036 2.57143 14.7143 2.57143ZM14.7143 0.857143C14.9518 0.857143 15.1429 1.04821 15.1429 1.28571C15.1429 1.52321 14.9518 1.71429 14.7143 1.71429C14.4768 1.71429 14.2857 1.52321 14.2857 1.28571C14.2857 1.04821 14.4768 0.857143 14.7143 0.857143ZM1.28571 0C0.575 0 0 0.575 0 1.28571C0 1.99643 0.575 2.57143 1.28571 2.57143C1.99643 2.57143 2.57143 1.99643 2.57143 1.28571C2.57143 0.575 1.99643 0 1.28571 0ZM1.28571 1.71429C1.04821 1.71429 0.857143 1.52321 0.857143 1.28571C0.857143 1.04821 1.04821 0.857143 1.28571 0.857143C1.52321 0.857143 1.71429 1.04821 1.71429 1.28571C1.71429 1.52321 1.52321 1.71429 1.28571 1.71429ZM1.28571 13.4286C0.575 13.4286 0 14.0036 0 14.7143C0 15.425 0.575 16 1.28571 16C1.99643 16 2.57143 15.425 2.57143 14.7143C2.57143 14.0036 1.99643 13.4286 1.28571 13.4286ZM1.28571 15.1429C1.04821 15.1429 0.857143 14.9518 0.857143 14.7143C0.857143 14.4768 1.04821 14.2857 1.28571 14.2857C1.52321 14.2857 1.71429 14.4768 1.71429 14.7143C1.71429 14.9518 1.52321 15.1429 1.28571 15.1429Z"
                  fill="#77b3cd"
                />
              </svg>
            </div>
            <small
              class="ComponentsPanel__description ComponentsPanel__description--light typography_Typography__Hvofe typography_Typography--light__ma6Vx typography_Typography--light__ma6Vx typography_Typography--normal__2w6Rv typography_Typography--small__S8-Gb typography_Typography--without-margin__uJld2"
              data-test-text=""
              style="user-select: none; text-align: inherit;"
            >
              Condition wrapper block
            </small>
          </div>
          <div
            class="ComponentsPanel__block ComponentsPanel__block--light"
            data-test-components-panel-block="candlesHistoryLookupConditionWrapper"
            draggable="true"
          >
            <div
              class="ComponentsPanel__block-icon-wrapper ComponentsPanel__block-icon-wrapper--light"
            >
              <svg
                class=""
                data-test-icon="icon-history"
                fill="none"
                height="16"
                style="flex-shrink: 0;"
                tabindex="-1"
                viewBox="0 0 16 16"
                width="16"
              >
                <path
                  class=""
                  d="M8.46284 3.55349H7.54005C7.45564 3.55349 7.38657 3.62047 7.38657 3.70233V8.82419C7.38657 8.87256 7.4096 8.91721 7.44988 8.94512L10.6211 11.1907C10.6902 11.2391 10.7861 11.226 10.836 11.1591L11.3847 10.4335C11.4365 10.3647 11.4211 10.2716 11.3521 10.2251L8.61632 8.30698V3.70233C8.61632 3.62047 8.54725 3.55349 8.46284 3.55349ZM12.6797 4.95256L15.6878 5.66512C15.7838 5.68744 15.8778 5.61675 15.8778 5.52186L15.8931 2.51721C15.8931 2.39256 15.7454 2.32186 15.6456 2.4L12.6221 4.69023C12.5993 4.70738 12.5819 4.73043 12.5719 4.75673C12.562 4.78304 12.5599 4.81153 12.5659 4.83893C12.5719 4.86634 12.5858 4.89154 12.6059 4.91164C12.626 4.93174 12.6516 4.94592 12.6797 4.95256ZM15.897 10.5544L14.8092 10.1916C14.7712 10.179 14.7297 10.1813 14.6935 10.198C14.6573 10.2147 14.6293 10.2445 14.6154 10.2809C14.579 10.3758 14.5406 10.4688 14.5003 10.5619C14.1588 11.3451 13.6696 12.0502 13.0442 12.6549C12.4257 13.2565 11.6927 13.7361 10.8859 14.067C10.0501 14.4097 9.1516 14.5856 8.24414 14.5842C7.3271 14.5842 6.43885 14.4112 5.60239 14.067C4.79555 13.7361 4.06258 13.2565 3.4441 12.6549C2.82059 12.0502 2.33138 11.3451 1.98797 10.5619C1.63654 9.75085 1.45648 8.87971 1.45847 8C1.45847 7.1107 1.63689 6.24744 1.99181 5.43628C2.3333 4.65303 2.82251 3.94791 3.44794 3.34326C4.06642 2.74162 4.79939 2.26206 5.60623 1.93116C6.43885 1.58698 7.32902 1.41396 8.24605 1.41396C9.16309 1.41396 10.0513 1.58698 10.8878 1.93116C11.6946 2.26206 12.4276 2.74162 13.0461 3.34326C13.2418 3.53489 13.426 3.73396 13.5948 3.94419L14.742 3.07349C13.2322 1.20186 10.882 -0.00185831 8.24222 2.15356e-06C3.64554 0.00186262 -0.0456174 3.62233 0.000426118 8.08186C0.0464696 12.4633 3.72036 16 8.24605 16C11.8048 16 14.836 13.8121 15.991 10.7479C16.0197 10.6698 15.9775 10.5823 15.897 10.5544Z"
                  fill="#a7b45d"
                />
              </svg>
            </div>
            <small
              class="ComponentsPanel__description ComponentsPanel__description--light typography_Typography__Hvofe typography_Typography--light__ma6Vx typography_Typography--light__ma6Vx typography_Typography--normal__2w6Rv typography_Typography--small__S8-Gb typography_Typography--without-margin__uJld2"
              data-test-text=""
              style="user-select: none; text-align: inherit;"
            >
              Candles history lookup condition wrapper block
            </small>
          </div>
        </div>
      </div>
      <div
        class="TreePanel TreePanel--light tree_Tree__q1uo8 tree_Tree--light__dA09Q"
        data-test-tree=""
        id="tree-strategyEditor"
        style="height: 319px; top: 333px;"
        tabindex="0"
      >
        <div
          class="rc-virtual-list"
          style="position: relative;"
        >
          <div
            class="rc-virtual-list-holder"
            style="height: 319px; overflow-y: hidden;"
          >
            <div>
              <div
                class="rc-virtual-list-holder-inner"
                style="display: flex; flex-direction: column;"
              />
            </div>
          </div>
        </div>
      </div>
      <div
        class="BlocksPanel__area-handle-resize BlocksPanel__area-handle-resize--light BlocksPanel__area-handle-resize--top BlocksPanel__area-handle-resize--top--light"
        style="top: 322px;"
      />
      <div
        class="PageFooterMenu PageFooterMenu--light"
        style="height: 60px;"
      >
        <span
          aria-busy="true"
          aria-live="polite"
        >
          <span
            class="react-loading-skeleton skeleton_Skeleton__MVSoY skeleton_Skeleton__loading__GQBIM"
            style="margin: 0px 10px; --animation-duration: 1s; width: 34px; height: 36px; --base-color: #EBEBEB; --highlight-color: #ffffff;"
          >
            ‌
          </span>
          <br />
        </span>
        <div
          class="PageFooterMenu__separator PageFooterMenu__separator--light"
        />
        <div
          class="PageFooterMenu__content PageFooterMenu__content--light"
          data-test-button="toggler"
        >
          <span
            aria-busy="true"
            aria-live="polite"
          >
            <span
              class="react-loading-skeleton skeleton_Skeleton__MVSoY skeleton_Skeleton__loading__GQBIM"
              style="margin-bottom: 5px; --animation-duration: 1s; width: 100px; height: 13px; --base-color: #EBEBEB; --highlight-color: #ffffff;"
            >
              ‌
            </span>
            <br />
          </span>
          <span
            aria-busy="true"
            aria-live="polite"
          >
            <span
              class="react-loading-skeleton skeleton_Skeleton__MVSoY skeleton_Skeleton__loading__GQBIM"
              style="--animation-duration: 1s; width: 75px; height: 10px; --base-color: #EBEBEB; --highlight-color: #ffffff;"
            >
              ‌
            </span>
            <br />
          </span>
        </div>
        <div
          class="PageFooterMenuOptions PageFooterMenuOptions--light"
        >
          <div
            class="PageFooterMenuOptions__color-mode PageFooterMenuOptions__color-mode--light"
          >
            <p
              class="typography_Typography__Hvofe typography_Typography--light__ma6Vx typography_Typography--regular__G4QAa typography_Typography--normal__2w6Rv typography_Typography--p__efCcF typography_Typography--without-margin__uJld2"
              data-test-text=""
              style="text-align: inherit;"
            >
              Dark Mode
            </p>
            <div
              class="PageFooterMenuOptions__color-mode-switch PageFooterMenuOptions__color-mode-switch--light"
            >
              <svg
                class=""
                data-test-icon="icon-moon"
                fill="none"
                height="16"
                style="flex-shrink: 0;"
                tabindex="-1"
                viewBox="0 0 16 16"
                width="16px"
              >
                <path
                  class=""
                  d="M8.04854 0.407337C8.12426 0.541766 8.15949 0.695224 8.14998 0.849217C8.14047 1.00321 8.08663 1.15116 7.99495 1.27526C7.30778 2.20183 6.97644 3.34446 7.06132 4.49491C7.14619 5.64535 7.64163 6.72699 8.45732 7.54269C9.273 8.35838 10.3547 8.85382 11.5051 8.93869C12.6555 9.02357 13.7982 8.69223 14.7248 8.00507C14.8489 7.91337 14.9969 7.85953 15.1509 7.85004C15.3049 7.84055 15.4584 7.87581 15.5928 7.95156C15.7272 8.02732 15.8369 8.14034 15.9085 8.27701C15.9802 8.41367 16.0108 8.56814 15.9966 8.7218C15.8566 10.2378 15.2878 11.6826 14.3566 12.887C13.4254 14.0915 12.1704 15.0059 10.7385 15.5232C9.3066 16.0404 7.75702 16.1392 6.27104 15.8079C4.78507 15.4765 3.42418 14.7289 2.34764 13.6523C1.2711 12.5758 0.523422 11.2149 0.192112 9.72897C-0.139205 8.24299 -0.040454 6.69339 0.476802 5.26149C0.994062 3.82959 1.90844 2.57462 3.11293 1.64344C4.31741 0.712261 5.7622 0.143381 7.27821 0.00337224C7.4319 -0.0107835 7.5864 0.0198226 7.72308 0.0915C7.85976 0.163177 7.97279 0.272865 8.04854 0.407337ZM5.83673 1.9512C4.821 2.31801 3.91431 2.93534 3.20073 3.74594C2.48715 4.55654 1.98977 5.53418 1.7547 6.58823C1.51964 7.64228 1.5545 8.73862 1.85605 9.77561C2.1576 10.8126 2.71607 11.7566 3.47971 12.5203C4.24334 13.2839 5.18741 13.8424 6.2244 14.1439C7.26139 14.4455 8.35773 14.4803 9.4118 14.2453C10.4658 14.0102 11.4435 13.5128 12.2541 12.7992C13.0647 12.0857 13.682 11.179 14.0488 10.1632C12.9028 10.5785 11.6623 10.6584 10.4725 10.3938C9.2827 10.1291 8.19298 9.53078 7.3311 8.66891C6.46923 7.80703 5.87089 6.71734 5.60622 5.52754C5.34155 4.33775 5.42151 3.09717 5.83673 1.9512Z"
                  fill="#035afc"
                />
              </svg>
              <div
                class="switch_Switch--margin-none__jAB8e"
                data-test-switch="theme"
              >
                <div
                  class="switch_Switch__wrapper__TKMMB"
                >
                  <div
                    class="switch_Switch__input-wrapper__Sz0Zy switch_Switch__input-wrapper--small__vgGJ1"
                  >
                    <input
                      class="switch-input_SwitchInput__SB6H-"
                      data-test-switch-input=""
                      type="checkbox"
                    />
                    <div
                      class="switch-handler_SwitchHandler__XHi49 switch-handler_SwitchHandler--small__q8ruw"
                    />
                  </div>
                </div>
                <div
                  class=""
                />
              </div>
            </div>
          </div>
          <a
            class="PageFooterMenuOptions__link PageFooterMenuOptions__link--light link_Link__h0lub link_Link--light__0sBc6"
            data-test-link="/link.2"
            href="/"
          >
            Account Managment
          </a>
          <a
            class="PageFooterMenuOptions__link PageFooterMenuOptions__link--light link_Link__h0lub link_Link--light__0sBc6"
            data-test-link="/link.3"
            href="/logout"
          >
            Logout
          </a>
        </div>
      </div>
      <div
        class="BlocksPanel__area-handle-resize BlocksPanel__area-handle-resize--light BlocksPanel__area-handle-resize--right BlocksPanel__area-handle-resize--right--light"
      />
    </div>
    <div
      class="Main__panel-view"
    >
      <div
        class="NavigationPanel NavigationPanel--light"
        style="height: 50px; max-width: 474px; min-width: 474px;"
      >
        <div
          class="NavigationPanel__wrapper NavigationPanel__wrapper--light"
        >
          <div
            class="NavigationPanel__layer-panel NavigationPanel__layer-panel--light"
          />
        </div>
      </div>
      <div
        class="Diagram Diagram--light"
        data-test-diagram=""
        id="diagram"
        tabindex="0"
      >
        <div
          class="Diagram__grid-wrapper Diagram__grid-wrapper--light"
        >
          <div
            class="Diagram__grid Diagram__grid--light"
            style="background-position: 0px 0px; transform: scale(1)  translate(0px, 0px);"
          />
        </div>
        <div
          class="Diagram__wrapper Diagram__wrapper Diagram__wrapper--light"
        >
          <div
            class="Diagram__area Diagram__area--light"
            style="transform: scale(1) translate(0px, 0px);"
          >
            <div
              class="SelectableArea SelectableArea--light"
            >
              <svg
                class="SelectableArea__draggable-area SelectableArea__draggable-area--light"
              >
                <path
                  d="M 0,0 H 0 V 0 H 0 V 0"
                />
              </svg>
            </div>
          </div>
        </div>
      </div>
      <div
        class="Console Console--light"
        style="height: 150px; width: 474px;"
      >
        <div
          class="ConsoleHeader ConsoleHeader--light"
        >
          <div
            class="ConsoleHeader__title ConsoleHeader__title--light"
          >
            <svg
              class="index_IconConsole__ZgYaS index_IconConsole--light__Zq4sL index_IconConsole--forced-hover--light__NYL0t"
              data-test-icon="icon-console"
              fill="none"
              height="14"
              style="flex-shrink: 0;"
              tabindex="-1"
              viewBox="0 0 16 14"
              width="16"
            >
              <path
                class=""
                d="M15.4286 0.5H0.571429C0.255357 0.5 0 0.764062 0 1.09091V12.9091C0 13.2359 0.255357 13.5 0.571429 13.5H15.4286C15.7446 13.5 16 13.2359 16 12.9091V1.09091C16 0.764062 15.7446 0.5 15.4286 0.5ZM1.28571 1.82955H14.7143V4.04545H1.28571V1.82955ZM14.7143 12.1705H1.28571V5.67045H14.7143V12.1705ZM10.4821 10.9886H13.4286C13.5071 10.9886 13.5714 10.9222 13.5714 10.8409V9.51136C13.5714 9.43011 13.5071 9.36364 13.4286 9.36364H10.4821C10.4036 9.36364 10.3393 9.43011 10.3393 9.51136V10.8409C10.3393 10.9222 10.4036 10.9886 10.4821 10.9886Z"
                fill=""
              />
            </svg>
            <small
              class="ConsoleHeader__text ConsoleHeader__text--light typography_Typography__Hvofe typography_Typography--light__ma6Vx typography_Typography--regular__G4QAa typography_Typography--normal__2w6Rv typography_Typography--small__S8-Gb typography_Typography--without-margin__uJld2"
              data-test-text=""
              style="text-align: inherit;"
            >
              Console
            </small>
          </div>
          <div
            class="ConsoleHeader__options ConsoleHeader__options--light"
          >
            <div
              class="ConsoleHeader__modes ConsoleHeader__modes--light"
            >
              <div
                class="ConsoleHeader__mode ConsoleHeader__mode--light"
              >
                <svg
                  class="index_IconMessage__4IEZp index_IconMessage--light__3GeuE index_IconMessage--forced-hover--light__69Kr7"
                  data-test-icon="icon-message"
                  fill="none"
                  height="16"
                  style="flex-shrink: 0;"
                  tabindex="-1"
                  viewBox="0 0 16 16"
                  width="16"
                >
                  <path
                    class=""
                    d="M7.14287 7.99999C7.14287 8.22732 7.23317 8.44533 7.39392 8.60607C7.55466 8.76682 7.77268 8.85712 8 8.85712C8.22733 8.85712 8.44534 8.76682 8.60608 8.60607C8.76683 8.44533 8.85713 8.22732 8.85713 7.99999C8.85713 7.77267 8.76683 7.55465 8.60608 7.39391C8.44534 7.23316 8.22733 7.14286 8 7.14286C7.77268 7.14286 7.55466 7.23316 7.39392 7.39391C7.23317 7.55465 7.14287 7.77267 7.14287 7.99999ZM10.7143 7.99999C10.7143 8.22732 10.8046 8.44533 10.9653 8.60607C11.126 8.76682 11.3441 8.85712 11.5714 8.85712C11.7987 8.85712 12.0167 8.76682 12.1775 8.60607C12.3382 8.44533 12.4285 8.22732 12.4285 7.99999C12.4285 7.77267 12.3382 7.55465 12.1775 7.39391C12.0167 7.23316 11.7987 7.14286 11.5714 7.14286C11.3441 7.14286 11.126 7.23316 10.9653 7.39391C10.8046 7.55465 10.7143 7.77267 10.7143 7.99999ZM3.57149 7.99999C3.57149 8.22732 3.66179 8.44533 3.82253 8.60607C3.98328 8.76682 4.20129 8.85712 4.42862 8.85712C4.65594 8.85712 4.87396 8.76682 5.0347 8.60607C5.19544 8.44533 5.28575 8.22732 5.28575 7.99999C5.28575 7.77267 5.19544 7.55465 5.0347 7.39391C4.87396 7.23316 4.65594 7.14286 4.42862 7.14286C4.20129 7.14286 3.98328 7.23316 3.82253 7.39391C3.66179 7.55465 3.57149 7.77267 3.57149 7.99999ZM15.3785 4.90003C14.9749 3.94111 14.3963 3.08041 13.6589 2.34113C12.9265 1.60614 12.0572 1.0219 11.1 0.621512C10.1178 0.209018 9.07499 9.15527e-05 8 9.15527e-05H7.96429C6.88216 0.00544863 5.83396 0.219732 4.84825 0.641155C3.89926 1.04565 3.03803 1.63092 2.31257 2.36435C1.58222 3.10184 1.00902 3.95897 0.612594 4.91432C0.201885 5.90359 -0.00525577 6.95536 0.000101307 8.03749C0.00616061 9.2776 0.299547 10.4994 0.857233 11.6071V14.3213C0.857233 14.5392 0.943775 14.7481 1.09782 14.9022C1.25187 15.0562 1.4608 15.1428 1.67865 15.1428H4.39469C5.50234 15.7004 6.72418 15.9938 7.96429 15.9999H8.00179C9.07142 15.9999 10.1089 15.7928 11.0857 15.3874C12.038 14.9918 12.9042 14.4144 13.6356 13.6874C14.3731 12.9571 14.9535 12.1035 15.3588 11.1517C15.7803 10.166 15.9945 9.11783 15.9999 8.0357C16.0053 6.94822 15.7945 5.89287 15.3785 4.90003ZM12.6803 12.7214C11.4285 13.9606 9.76784 14.6428 8 14.6428H7.96964C6.89287 14.6374 5.82324 14.3696 4.87861 13.866L4.72861 13.7856H2.21436V11.2714L2.134 11.1214C1.63044 10.1767 1.36258 9.10712 1.35723 8.03035C1.35008 6.25001 2.03043 4.57861 3.27863 3.31969C4.52504 2.06078 6.19109 1.36436 7.97143 1.35722H8.00179C8.89463 1.35722 9.76069 1.53043 10.5768 1.87328C11.3732 2.20721 12.0874 2.68756 12.7017 3.30184C13.3142 3.91433 13.7964 4.63039 14.1303 5.42681C14.4767 6.2518 14.6499 7.12679 14.6463 8.03035C14.6356 9.8089 13.9374 11.4749 12.6803 12.7214Z"
                    fill=""
                  />
                </svg>
                <small
                  class="ConsoleHeader__result-text ConsoleHeader__result-text--light typography_Typography__Hvofe typography_Typography--light__ma6Vx typography_Typography--regular__G4QAa typography_Typography--normal__2w6Rv typography_Typography--small__S8-Gb typography_Typography--without-margin__uJld2"
                  data-test-text=""
                  style="text-align: inherit;"
                >
                  (0)
                </small>
              </div>
              <div
                class="ConsoleHeader__mode ConsoleHeader__mode--light"
              >
                <svg
                  class="ConsoleHeader__error-icon ConsoleHeader__error-icon--light index_IconErrorOutlined__bcv14 index_IconErrorOutlined--light__RjkMi index_IconErrorOutlined--disabled-hover--light__KsVB-"
                  data-test-icon="icon-error-outlined"
                  fill="none"
                  height="16"
                  style="flex-shrink: 0;"
                  tabindex="-1"
                  viewBox="0 0 16 16"
                  width="16"
                >
                  <path
                    class=""
                    d="M7.2 10.4H8.8V12H7.2V10.4ZM7.2 4H8.8V8.8H7.2V4ZM7.992 0C3.576 0 0 3.584 0 8C0 12.416 3.576 16 7.992 16C12.416 16 16 12.416 16 8C16 3.584 12.416 0 7.992 0ZM8 14.4C4.464 14.4 1.6 11.536 1.6 8C1.6 4.464 4.464 1.6 8 1.6C11.536 1.6 14.4 4.464 14.4 8C14.4 11.536 11.536 14.4 8 14.4Z"
                    fill=""
                  />
                </svg>
                <small
                  class="ConsoleHeader__error-text ConsoleHeader__error-text--light typography_Typography__Hvofe typography_Typography--light__ma6Vx typography_Typography--regular__G4QAa typography_Typography--normal__2w6Rv typography_Typography--small__S8-Gb typography_Typography--without-margin__uJld2"
                  data-test-text=""
                  style="text-align: inherit;"
                >
                  (0)
                </small>
              </div>
            </div>
            <svg
              class="ConsoleHeader__icon-toggle-display-code ConsoleHeader__icon-toggle-display-code--light index_IconShareAll__rCPw8 index_IconShareAll--light__-AVud index_IconShareAll--selected--light__bAI7Q"
              data-test-icon="icon-share-all"
              fill="none"
              height="16"
              style="flex-shrink: 0;"
              viewBox="0 0 16 16"
              width="16"
            >
              <path
                class=""
                d="M12.898 11.102C12.3163 11.102 11.7796 11.3061 11.3592 11.6469L7.13063 8.58775C7.20143 8.19912 7.20143 7.80088 7.13063 7.41224L11.3592 4.35306C11.7796 4.69388 12.3163 4.89796 12.898 4.89796C14.249 4.89796 15.347 3.8 15.347 2.44898C15.347 1.09796 14.249 0 12.898 0C11.547 0 10.449 1.09796 10.449 2.44898C10.449 2.68571 10.4816 2.91224 10.5449 3.12857L6.52859 6.03673C5.93267 5.24694 4.98573 4.73469 3.91838 4.73469C2.1143 4.73469 0.653076 6.19592 0.653076 8C0.653076 9.80408 2.1143 11.2653 3.91838 11.2653C4.98573 11.2653 5.93267 10.7531 6.52859 9.96327L10.5449 12.8714C10.4816 13.0878 10.449 13.3163 10.449 13.551C10.449 14.902 11.547 16 12.898 16C14.249 16 15.347 14.902 15.347 13.551C15.347 12.2 14.249 11.102 12.898 11.102ZM12.898 1.38776C13.4837 1.38776 13.9592 1.86327 13.9592 2.44898C13.9592 3.03469 13.4837 3.5102 12.898 3.5102C12.3123 3.5102 11.8368 3.03469 11.8368 2.44898C11.8368 1.86327 12.3123 1.38776 12.898 1.38776ZM3.91838 9.79592C2.92859 9.79592 2.12246 8.9898 2.12246 8C2.12246 7.0102 2.92859 6.20408 3.91838 6.20408C4.90818 6.20408 5.7143 7.0102 5.7143 8C5.7143 8.9898 4.90818 9.79592 3.91838 9.79592ZM12.898 14.6122C12.3123 14.6122 11.8368 14.1367 11.8368 13.551C11.8368 12.9653 12.3123 12.4898 12.898 12.4898C13.4837 12.4898 13.9592 12.9653 13.9592 13.551C13.9592 14.1367 13.4837 14.6122 12.898 14.6122Z"
                fill=""
              />
            </svg>
            <div
              class="ConsoleHeader__resolutions ConsoleHeader__resolutions--light"
            >
              <div
                class="ConsoleHeader__icon-resolution ConsoleHeader__icon-resolution--light"
                data-test-icon="small"
              />
              <div
                class="ConsoleHeader__icon-resolution ConsoleHeader__icon-resolution--light"
                data-test-icon="medium"
              />
              <div
                class="ConsoleHeader__icon-resolution ConsoleHeader__icon-resolution--light"
                data-test-icon="max"
              />
            </div>
          </div>
        </div>
        <div
          class="ConsoleMessages ConsoleMessages--light"
        >
          <div
            class="ConsoleMessages__pending-content ConsoleMessages__pending-content--light"
          >
            <svg
              class="ConsoleMessages__pending-content-icon ConsoleMessages__pending-content-icon--light index_IconLoading3QuartersOutlined__SvOf7 index_IconLoading3QuartersOutlined--light__I1MCn index_IconLoading3QuartersOutlined--forced-hover--light__eaHhq"
              data-test-icon="icon-loading-3-quarters-outlined"
              fill="none"
              height="16"
              style="flex-shrink: 0;"
              tabindex="-1"
              viewBox="0 0 16 16"
              width="16"
            >
              <path
                class=""
                d="M8.00078 16C6.92099 16 5.87245 15.7891 4.88641 15.3719C3.9332 14.9688 3.07843 14.3906 2.34398 13.6562C1.60953 12.9219 1.03135 12.0672 0.628186 11.1141C0.210958 10.1281 0 9.07969 0 8C0 7.68906 0.251587 7.4375 0.562555 7.4375C0.873523 7.4375 1.12511 7.68906 1.12511 8C1.12511 8.92813 1.30638 9.82812 1.66579 10.6766C2.0127 11.4953 2.50806 12.2312 3.13937 12.8625C3.77068 13.4938 4.50669 13.9906 5.32552 14.3359C6.17248 14.6938 7.07257 14.875 8.00078 14.875C8.929 14.875 9.82908 14.6938 10.6776 14.3344C11.4964 13.9875 12.2324 13.4922 12.8638 12.8609C13.4951 12.2297 13.992 11.4938 14.3373 10.675C14.6952 9.82812 14.8765 8.92813 14.8765 8C14.8765 7.07188 14.6952 6.17188 14.3358 5.32344C13.99 4.50665 13.4897 3.76439 12.8622 3.1375C12.2359 2.50925 11.4934 2.0088 10.676 1.66406C9.82908 1.30625 8.929 1.125 8.00078 1.125C7.68981 1.125 7.43823 0.873438 7.43823 0.5625C7.43823 0.251563 7.68981 0 8.00078 0C9.08057 0 10.1291 0.210938 11.1151 0.628125C12.0684 1.03125 12.9231 1.60938 13.6576 2.34375C14.392 3.07812 14.9686 3.93438 15.3718 4.88594C15.789 5.87188 16 6.92031 16 8C16 9.07969 15.789 10.1281 15.3718 11.1141C14.9702 12.0672 14.392 12.9219 13.6576 13.6562C12.9231 14.3906 12.0668 14.9672 11.1151 15.3703C10.1291 15.7891 9.08057 16 8.00078 16Z"
                fill=""
              />
            </svg>
            <p
              class="ConsoleMessages__pending-content-description ConsoleMessages__pending-content-description--light typography_Typography__Hvofe typography_Typography--light__ma6Vx typography_Typography--regular__G4QAa typography_Typography--normal__2w6Rv typography_Typography--p__efCcF typography_Typography--without-margin__uJld2"
              data-test-text=""
              style="text-align: inherit;"
            >
              We are preparing your code for display.
            </p>
          </div>
        </div>
        <div
          class="Console__area-handle-resize Console__area-handle-resize--light Console__area-handle-resize--left Console__area-handle-resize--left--light"
        />
        <div
          class="Console__area-handle-resize Console__area-handle-resize--light Console__area-handle-resize--right Console__area-handle-resize--right--light"
        />
        <div
          class="Console__area-handle-resize Console__area-handle-resize--light Console__area-handle-resize--top Console__area-handle-resize--top--light"
        />
      </div>
    </div>
    <div
      class="PanelProperties PanelProperties--light"
      id="panelProperties"
      style="width: 300px;"
    >
      <div
        class="PanelDefaultState PanelDefaultState--light"
      >
        <div />
        <small
          class="PanelDefaultState__text PanelDefaultState__text--light typography_Typography__Hvofe typography_Typography--light__ma6Vx typography_Typography--regular__G4QAa typography_Typography--normal__2w6Rv typography_Typography--small__S8-Gb typography_Typography--without-margin__uJld2"
          data-test-text=""
          style="text-align: inherit;"
        >
          None of the elements were selected
        </small>
      </div>
    </div>
  </div>
</DocumentFragment>
`;
