// Jest Snapshot v1, https://goo.gl/fbAQLP

exports[`Frame snapshots should render Frame 1`] = `
<DocumentFragment>
  <div
    class="css-q0izro className Frame Frame--light Element Element--light"
    data-status="false"
    data-test-box=""
    id="1"
    style="background-color: rgb(255, 255, 255); height: 100px; left: 0px; position: absolute; top: 0px; transform: rotate(0deg); width: 100px;"
  >
    <small
      class="css-q0izro Frame__label Frame__label--light Typography Typography--light Typography--neutral1 Typography--neutral1--light Typography--regular Typography--regular--light Typography--normal Typography--normal--light Typography--small Typography--small--light"
      data-test-text=""
      style="text-align: inherit;"
    >
      Frame
    </small>
  </div>
</DocumentFragment>
`;
