// Jest Snapshot v1, https://goo.gl/fbAQLP

exports[`DraggableArea snapshots should render DraggableArea 1`] = `
<DocumentFragment>
  <div
    class="DropAnchors DropAnchors--light"
  >
    element
    <div
      class="DropAnchors__anchor DropAnchors__anchor--light DropAnchors__anchor--top DropAnchors__anchor--top--light"
    />
    <div
      class="DropAnchors__anchor DropAnchors__anchor--light DropAnchors__anchor--bottom DropAnchors__anchor--bottom--light"
    />
    <div
      class="DropAnchors__anchor DropAnchors__anchor--light DropAnchors__anchor--left DropAnchors__anchor--left--light"
    />
    <div
      class="DropAnchors__anchor DropAnchors__anchor--light DropAnchors__anchor--right DropAnchors__anchor--right--light"
    />
  </div>
</DocumentFragment>
`;
