// Jest Snapshot v1, https://goo.gl/fbAQLP

exports[`Corners snapshots should render Corners 1`] = `
<DocumentFragment>
  <div
    class="ResizeArea ResizeArea--light"
  >
    <div
      class="ResizeArea__anchor ResizeArea__anchor--light ResizeArea__anchor--east ResizeArea__anchor--east--light"
    />
    <div
      class="ResizeArea__anchor ResizeArea__anchor--light ResizeArea__anchor--none ResizeArea__anchor--none--light"
    />
    <div
      class="ResizeArea__anchor ResizeArea__anchor--light ResizeArea__anchor--north ResizeArea__anchor--north--light"
    />
    <div
      class="ResizeArea__anchor ResizeArea__anchor--light ResizeArea__anchor--northEast ResizeArea__anchor--northEast--light"
    />
    <div
      class="ResizeArea__anchor ResizeArea__anchor--light ResizeArea__anchor--northWest ResizeArea__anchor--northWest--light"
    />
    <div
      class="ResizeArea__anchor ResizeArea__anchor--light ResizeArea__anchor--south ResizeArea__anchor--south--light"
    />
    <div
      class="ResizeArea__anchor ResizeArea__anchor--light ResizeArea__anchor--southEast ResizeArea__anchor--southEast--light"
    />
    <div
      class="ResizeArea__anchor ResizeArea__anchor--light ResizeArea__anchor--southWest ResizeArea__anchor--southWest--light"
    />
    <div
      class="ResizeArea__anchor ResizeArea__anchor--light ResizeArea__anchor--west ResizeArea__anchor--west--light"
    />
  </div>
</DocumentFragment>
`;
