// Jest Snapshot v1, https://goo.gl/fbAQLP

exports[`H3 snapshots should render H3 1`] = `
<DocumentFragment>
  <h3
    class="Typography Typography--light Typography--regular Typography--regular--light Typography--normal Typography--normal--light Typography--h3 Typography--h3--light Typography--without-margin Typography--without-margin--light"
    data-test-text=""
    style="text-align: inherit;"
  >
    H3
  </h3>
</DocumentFragment>
`;
