// Jest Snapshot v1, https://goo.gl/fbAQLP

exports[`ViewBox snapshots should render ViewBox 1`] = `
<DocumentFragment>
  <div
    class="css-17c89wm ViewBox ViewBox--light ZoomBox ZoomBox--light ZoomBox__idle ZoomBox__idle--light ZoomBox__default ZoomBox__default--light"
    data-test-box="zoom-box"
  >
    <div
      class="css-qel697 ZoomBox__zoom-content ZoomBox__zoom-content--light"
      data-test-box=""
      style="transform: translate(0px, 0px) scale(1);"
    />
  </div>
</DocumentFragment>
`;
