// Jest Snapshot v1, https://goo.gl/fbAQLP

exports[`App snapshots should render error page 1`] = `
<DocumentFragment>
  <div
    class="Page Page--light"
  >
    <div
      class="ErrorPage ErrorPage--light"
    >
      <div
        class="ErrorPage__background ErrorPage__background--light"
      />
      <div
        class="ErrorPage__content ErrorPage__content--light"
      >
        <div
          class="ErrorPage__logo ErrorPage__logo--light"
          data-test-logo=""
        />
        <h3
          class="ErrorPage__title ErrorPage__title--light typography_Typography__Hvofe typography_Typography--light__ma6Vx typography_Typography--regular__G4QAa typography_Typography--normal__2w6Rv typography_Typography--h3__yKIyB typography_Typography--without-margin__uJld2"
          data-test-text=""
          style="text-align: inherit;"
        >
          Interval Server Error
        </h3>
        <p
          class="ErrorPage__description ErrorPage__description--light typography_Typography__Hvofe typography_Typography--light__ma6Vx typography_Typography--regular__G4QAa typography_Typography--normal__2w6Rv typography_Typography--p__efCcF typography_Typography--without-margin__uJld2"
          data-test-text=""
          style="text-align: inherit;"
        >
          The server has been deserted for a while. Please be patient or try again later.
        </p>
        <div />
      </div>
    </div>
  </div>
</DocumentFragment>
`;

exports[`App snapshots should render initializer 1`] = `
<DocumentFragment>
  <main
    class="App App--light"
  >
    <div
      class="AppInitializer"
    >
      <div
        class="AppInitializer__logo-wrapper"
      >
        <div
          class="AppInitializer__squares-wrapper"
        >
          <div
            class="AppInitializer__first-square-wrapper"
          >
            <div
              class="AppInitializer__first-square"
            />
          </div>
          <div
            class="AppInitializer__second-square-wrapper"
          >
            <div
              class="AppInitializer__second-square"
            />
          </div>
        </div>
        <div
          class="AppInitializer__logo"
        />
      </div>
      <h1
        class="AppInitializer__company-name typography_Typography__Hvofe typography_Typography--light__ma6Vx typography_Typography--semi-bold__o4iwT typography_Typography--normal__2w6Rv typography_Typography--h1__NYzWT typography_Typography--without-margin__uJld2"
        data-test-text=""
        style="text-align: inherit;"
      >
        CryptoTradingHub
      </h1>
    </div>
  </main>
</DocumentFragment>
`;

exports[`App snapshots should render routing 1`] = `
<DocumentFragment>
  <main
    class="App App--light"
  >
    Routing
    <div
      class="notification_Notification__oqZza"
    />
    <div
      class="snackbar_Snackbar__fgwhT"
      data-test-snackbar=""
    >
      <svg
        class="name light"
        data-test-icon="icon-error-outlined"
        fill="none"
        height="16"
        style="flex-shrink: 0;"
        tabindex="-1"
        viewBox="0 0 16 16"
        width="16"
      >
        <path
          class=""
          d="M7.2 10.4H8.8V12H7.2V10.4ZM7.2 4H8.8V8.8H7.2V4ZM7.992 0C3.576 0 0 3.584 0 8C0 12.416 3.576 16 7.992 16C12.416 16 16 12.416 16 8C16 3.584 12.416 0 7.992 0ZM8 14.4C4.464 14.4 1.6 11.536 1.6 8C1.6 4.464 4.464 1.6 8 1.6C11.536 1.6 14.4 4.464 14.4 8C14.4 11.536 11.536 14.4 8 14.4Z"
          fill="#ef5350"
        />
      </svg>
      <div
        class="snackbar_Snackbar__content__XjQkT"
      >
        <small
          class="snackbar_Snackbar__message__hDlEl typography_Typography__Hvofe typography_Typography--light__ma6Vx typography_Typography--regular__G4QAa typography_Typography--normal__2w6Rv typography_Typography--small__S8-Gb typography_Typography--without-margin__uJld2"
          data-test-text=""
          style="text-align: inherit;"
        >
          snackbar.
        </small>
      </div>
      <svg
        class="snackbar_Snackbar__close-icon__yIufw index_IconClose__ccPvN index_IconClose--light__hk-9p index_IconClose--forced-hover--light__s2lnK"
        data-test-snackbar-close-icon="icon-close"
        fill="none"
        height="16"
        style="flex-shrink: 0;"
        tabindex="-1"
        viewBox="0 0 16 16"
        width="16"
      >
        <path
          class=""
          d="M8.00146 6.97108L14.9711 0L16 1.03038L9.02892 8.00146L16 14.9711L14.9711 16L8 9.02892L1.03038 16L0.00145541 14.9711L6.97253 8L0 1.03038L1.03038 0.00145532L8.00146 6.97253V6.97108Z"
          fill=""
        />
      </svg>
    </div>
  </main>
</DocumentFragment>
`;
