// Jest Snapshot v1, https://goo.gl/fbAQLP

exports[`MoveableElement snapshots should render MoveableElement 1`] = `
<DocumentFragment>
  <div
    class="MoveableElement"
  >
    MoveableElement
  </div>
</DocumentFragment>
`;
