// Jest Snapshot v1, https://goo.gl/fbAQLP

exports[`H1 snapshots should render H1 1`] = `
<DocumentFragment>
  <h1
    class="Typography Typography--light Typography--regular Typography--regular--light Typography--normal Typography--normal--light Typography--h1 Typography--h1--light Typography--without-margin Typography--without-margin--light"
    data-test-text=""
    style="text-align: inherit;"
  >
    H1
  </h1>
</DocumentFragment>
`;
